Archive member included to satisfy reference by file (symbol)

c:/program files (x86)/atmel/studio/7.0/toolchain/avr8/avr8-gnu-toolchain/bin/../lib/gcc/avr/5.4.0/../../../../avr/lib/avr5\libm.a(addsf3.o)
                              ECUAL/LCD/LCD_program.o (__subsf3)
c:/program files (x86)/atmel/studio/7.0/toolchain/avr8/avr8-gnu-toolchain/bin/../lib/gcc/avr/5.4.0/../../../../avr/lib/avr5\libm.a(addsf3x.o)
                              c:/program files (x86)/atmel/studio/7.0/toolchain/avr8/avr8-gnu-toolchain/bin/../lib/gcc/avr/5.4.0/../../../../avr/lib/avr5\libm.a(addsf3.o) (__addsf3x)
c:/program files (x86)/atmel/studio/7.0/toolchain/avr8/avr8-gnu-toolchain/bin/../lib/gcc/avr/5.4.0/../../../../avr/lib/avr5\libm.a(divsf3.o)
                              ECUAL/LCD/LCD_program.o (__divsf3)
c:/program files (x86)/atmel/studio/7.0/toolchain/avr8/avr8-gnu-toolchain/bin/../lib/gcc/avr/5.4.0/../../../../avr/lib/avr5\libm.a(divsf3x.o)
                              c:/program files (x86)/atmel/studio/7.0/toolchain/avr8/avr8-gnu-toolchain/bin/../lib/gcc/avr/5.4.0/../../../../avr/lib/avr5\libm.a(divsf3.o) (__divsf3x)
c:/program files (x86)/atmel/studio/7.0/toolchain/avr8/avr8-gnu-toolchain/bin/../lib/gcc/avr/5.4.0/../../../../avr/lib/avr5\libm.a(fixunssfsi.o)
                              ECUAL/LCD/LCD_program.o (__fixunssfsi)
c:/program files (x86)/atmel/studio/7.0/toolchain/avr8/avr8-gnu-toolchain/bin/../lib/gcc/avr/5.4.0/../../../../avr/lib/avr5\libm.a(floatsisf.o)
                              ECUAL/LCD/LCD_program.o (__floatunsisf)
c:/program files (x86)/atmel/studio/7.0/toolchain/avr8/avr8-gnu-toolchain/bin/../lib/gcc/avr/5.4.0/../../../../avr/lib/avr5\libm.a(fp_inf.o)
                              c:/program files (x86)/atmel/studio/7.0/toolchain/avr8/avr8-gnu-toolchain/bin/../lib/gcc/avr/5.4.0/../../../../avr/lib/avr5\libm.a(addsf3x.o) (__fp_inf)
c:/program files (x86)/atmel/studio/7.0/toolchain/avr8/avr8-gnu-toolchain/bin/../lib/gcc/avr/5.4.0/../../../../avr/lib/avr5\libm.a(fp_nan.o)
                              c:/program files (x86)/atmel/studio/7.0/toolchain/avr8/avr8-gnu-toolchain/bin/../lib/gcc/avr/5.4.0/../../../../avr/lib/avr5\libm.a(addsf3x.o) (__fp_nan)
c:/program files (x86)/atmel/studio/7.0/toolchain/avr8/avr8-gnu-toolchain/bin/../lib/gcc/avr/5.4.0/../../../../avr/lib/avr5\libm.a(fp_pscA.o)
                              c:/program files (x86)/atmel/studio/7.0/toolchain/avr8/avr8-gnu-toolchain/bin/../lib/gcc/avr/5.4.0/../../../../avr/lib/avr5\libm.a(addsf3x.o) (__fp_pscA)
c:/program files (x86)/atmel/studio/7.0/toolchain/avr8/avr8-gnu-toolchain/bin/../lib/gcc/avr/5.4.0/../../../../avr/lib/avr5\libm.a(fp_pscB.o)
                              c:/program files (x86)/atmel/studio/7.0/toolchain/avr8/avr8-gnu-toolchain/bin/../lib/gcc/avr/5.4.0/../../../../avr/lib/avr5\libm.a(addsf3x.o) (__fp_pscB)
c:/program files (x86)/atmel/studio/7.0/toolchain/avr8/avr8-gnu-toolchain/bin/../lib/gcc/avr/5.4.0/../../../../avr/lib/avr5\libm.a(fp_round.o)
                              c:/program files (x86)/atmel/studio/7.0/toolchain/avr8/avr8-gnu-toolchain/bin/../lib/gcc/avr/5.4.0/../../../../avr/lib/avr5\libm.a(addsf3.o) (__fp_round)
c:/program files (x86)/atmel/studio/7.0/toolchain/avr8/avr8-gnu-toolchain/bin/../lib/gcc/avr/5.4.0/../../../../avr/lib/avr5\libm.a(fp_split3.o)
                              c:/program files (x86)/atmel/studio/7.0/toolchain/avr8/avr8-gnu-toolchain/bin/../lib/gcc/avr/5.4.0/../../../../avr/lib/avr5\libm.a(addsf3x.o) (__fp_split3)
c:/program files (x86)/atmel/studio/7.0/toolchain/avr8/avr8-gnu-toolchain/bin/../lib/gcc/avr/5.4.0/../../../../avr/lib/avr5\libm.a(fp_zero.o)
                              c:/program files (x86)/atmel/studio/7.0/toolchain/avr8/avr8-gnu-toolchain/bin/../lib/gcc/avr/5.4.0/../../../../avr/lib/avr5\libm.a(addsf3x.o) (__fp_zero)
c:/program files (x86)/atmel/studio/7.0/toolchain/avr8/avr8-gnu-toolchain/bin/../lib/gcc/avr/5.4.0/../../../../avr/lib/avr5\libm.a(log10.o)
                              ECUAL/LCD/LCD_program.o (log10)
c:/program files (x86)/atmel/studio/7.0/toolchain/avr8/avr8-gnu-toolchain/bin/../lib/gcc/avr/5.4.0/../../../../avr/lib/avr5\libm.a(log.o)
                              c:/program files (x86)/atmel/studio/7.0/toolchain/avr8/avr8-gnu-toolchain/bin/../lib/gcc/avr/5.4.0/../../../../avr/lib/avr5\libm.a(log10.o) (log)
c:/program files (x86)/atmel/studio/7.0/toolchain/avr8/avr8-gnu-toolchain/bin/../lib/gcc/avr/5.4.0/../../../../avr/lib/avr5\libm.a(mulsf3.o)
                              ECUAL/LCD/LCD_program.o (__mulsf3)
c:/program files (x86)/atmel/studio/7.0/toolchain/avr8/avr8-gnu-toolchain/bin/../lib/gcc/avr/5.4.0/../../../../avr/lib/avr5\libm.a(mulsf3x.o)
                              c:/program files (x86)/atmel/studio/7.0/toolchain/avr8/avr8-gnu-toolchain/bin/../lib/gcc/avr/5.4.0/../../../../avr/lib/avr5\libm.a(log.o) (__mulsf3x)
c:/program files (x86)/atmel/studio/7.0/toolchain/avr8/avr8-gnu-toolchain/bin/../lib/gcc/avr/5.4.0/../../../../avr/lib/avr5\libm.a(pow.o)
                              ECUAL/LCD/LCD_program.o (pow)
c:/program files (x86)/atmel/studio/7.0/toolchain/avr8/avr8-gnu-toolchain/bin/../lib/gcc/avr/5.4.0/../../../../avr/lib/avr5\libm.a(exp.o)
                              c:/program files (x86)/atmel/studio/7.0/toolchain/avr8/avr8-gnu-toolchain/bin/../lib/gcc/avr/5.4.0/../../../../avr/lib/avr5\libm.a(pow.o) (exp)
c:/program files (x86)/atmel/studio/7.0/toolchain/avr8/avr8-gnu-toolchain/bin/../lib/gcc/avr/5.4.0/../../../../avr/lib/avr5\libm.a(fp_mpack.o)
                              c:/program files (x86)/atmel/studio/7.0/toolchain/avr8/avr8-gnu-toolchain/bin/../lib/gcc/avr/5.4.0/../../../../avr/lib/avr5\libm.a(log.o) (__fp_mpack)
c:/program files (x86)/atmel/studio/7.0/toolchain/avr8/avr8-gnu-toolchain/bin/../lib/gcc/avr/5.4.0/../../../../avr/lib/avr5\libm.a(fp_powser.o)
                              c:/program files (x86)/atmel/studio/7.0/toolchain/avr8/avr8-gnu-toolchain/bin/../lib/gcc/avr/5.4.0/../../../../avr/lib/avr5\libm.a(log.o) (__fp_powser)
c:/program files (x86)/atmel/studio/7.0/toolchain/avr8/avr8-gnu-toolchain/bin/../lib/gcc/avr/5.4.0/../../../../avr/lib/avr5\libm.a(inverse.o)
                              c:/program files (x86)/atmel/studio/7.0/toolchain/avr8/avr8-gnu-toolchain/bin/../lib/gcc/avr/5.4.0/../../../../avr/lib/avr5\libm.a(exp.o) (inverse)
c:/program files (x86)/atmel/studio/7.0/toolchain/avr8/avr8-gnu-toolchain/bin/../lib/gcc/avr/5.4.0/../../../../avr/lib/avr5\libm.a(ldexp.o)
                              c:/program files (x86)/atmel/studio/7.0/toolchain/avr8/avr8-gnu-toolchain/bin/../lib/gcc/avr/5.4.0/../../../../avr/lib/avr5\libm.a(exp.o) (ldexp)
c:/program files (x86)/atmel/studio/7.0/toolchain/avr8/avr8-gnu-toolchain/bin/../lib/gcc/avr/5.4.0/../../../../avr/lib/avr5\libm.a(modf.o)
                              c:/program files (x86)/atmel/studio/7.0/toolchain/avr8/avr8-gnu-toolchain/bin/../lib/gcc/avr/5.4.0/../../../../avr/lib/avr5\libm.a(exp.o) (modf)
c:/program files (x86)/atmel/studio/7.0/toolchain/avr8/avr8-gnu-toolchain/bin/../lib/gcc/avr/5.4.0/avr5\libgcc.a(_udivmodsi4.o)
                              ECUAL/LM35/LM35_program.o (__udivmodsi4)
c:/program files (x86)/atmel/studio/7.0/toolchain/avr8/avr8-gnu-toolchain/bin/../lib/gcc/avr/5.4.0/avr5\libgcc.a(_exit.o)
                              C:/Program Files (x86)/Atmel/Studio/7.0/Packs/atmel/ATmega_DFP/1.6.364/gcc/dev/atmega32a/avr5/crtatmega32a.o (exit)
c:/program files (x86)/atmel/studio/7.0/toolchain/avr8/avr8-gnu-toolchain/bin/../lib/gcc/avr/5.4.0/avr5\libgcc.a(_copy_data.o)
                              APP/ATM.o (__do_copy_data)
c:/program files (x86)/atmel/studio/7.0/toolchain/avr8/avr8-gnu-toolchain/bin/../lib/gcc/avr/5.4.0/avr5\libgcc.a(_clear_bss.o)
                              APP/ATM.o (__do_clear_bss)
c:/program files (x86)/atmel/studio/7.0/toolchain/avr8/avr8-gnu-toolchain/bin/../lib/gcc/avr/5.4.0/avr5\libgcc.a(_umulhisi3.o)
                              ECUAL/KEYPAD/KEYPAD_program.o (__umulhisi3)
c:/program files (x86)/atmel/studio/7.0/toolchain/avr8/avr8-gnu-toolchain/bin/../lib/gcc/avr/5.4.0/avr5\libgcc.a(_muluhisi3.o)
                              MCAL/TIMERS/TIMERS_program.o (__muluhisi3)
c:/program files (x86)/atmel/studio/7.0/toolchain/avr8/avr8-gnu-toolchain/bin/../lib/gcc/avr/5.4.0/../../../../avr/lib/avr5\libc.a(strcmp.o)
                              APP/ATM.o (strcmp)

Discarded input sections

 .data          0x00000000        0x0 C:/Program Files (x86)/Atmel/Studio/7.0/Packs/atmel/ATmega_DFP/1.6.364/gcc/dev/atmega32a/avr5/crtatmega32a.o
 .bss           0x00000000        0x0 C:/Program Files (x86)/Atmel/Studio/7.0/Packs/atmel/ATmega_DFP/1.6.364/gcc/dev/atmega32a/avr5/crtatmega32a.o
 .text          0x00000000        0x0 APP/ATM.o
 .data          0x00000000        0x0 APP/ATM.o
 .bss           0x00000000        0x0 APP/ATM.o
 COMMON         0x00000000        0x0 APP/ATM.o
 .text          0x00000000        0x0 ECUAL/BUZZER/BUZZER_program.o
 .data          0x00000000        0x0 ECUAL/BUZZER/BUZZER_program.o
 .bss           0x00000000        0x0 ECUAL/BUZZER/BUZZER_program.o
 .text          0x00000000        0x0 ECUAL/EEPROM/EEPROM_program.o
 .data          0x00000000        0x0 ECUAL/EEPROM/EEPROM_program.o
 .bss           0x00000000        0x0 ECUAL/EEPROM/EEPROM_program.o
 .text.EEPROM_u8ReadCurrentByte
                0x00000000       0x2a ECUAL/EEPROM/EEPROM_program.o
 .text          0x00000000        0x0 ECUAL/KEYPAD/KEYPAD_program.o
 .data          0x00000000        0x0 ECUAL/KEYPAD/KEYPAD_program.o
 .bss           0x00000000        0x0 ECUAL/KEYPAD/KEYPAD_program.o
 .text          0x00000000        0x0 ECUAL/LCD/LCD_program.o
 .data          0x00000000        0x0 ECUAL/LCD/LCD_program.o
 .bss           0x00000000        0x0 ECUAL/LCD/LCD_program.o
 .text          0x00000000        0x0 ECUAL/LM35/LM35_program.o
 .data          0x00000000        0x0 ECUAL/LM35/LM35_program.o
 .bss           0x00000000        0x0 ECUAL/LM35/LM35_program.o
 .text          0x00000000        0x0 ECUAL/MOTOR/MOTOR_program.o
 .data          0x00000000        0x0 ECUAL/MOTOR/MOTOR_program.o
 .bss           0x00000000        0x0 ECUAL/MOTOR/MOTOR_program.o
 .text.Motor_Init
                0x00000000       0x7a ECUAL/MOTOR/MOTOR_program.o
 .text.Motor_Move
                0x00000000       0x1e ECUAL/MOTOR/MOTOR_program.o
 .text.MoveAllMotors
                0x00000000       0x1a ECUAL/MOTOR/MOTOR_program.o
 .text          0x00000000        0x0 MCAL/ADC/ADC_program.o
 .data          0x00000000        0x0 MCAL/ADC/ADC_program.o
 .bss           0x00000000        0x0 MCAL/ADC/ADC_program.o
 .text.ADC_voidStop
                0x00000000        0x8 MCAL/ADC/ADC_program.o
 .text.ADC_u8AutoTrigOn
                0x00000000       0xe0 MCAL/ADC/ADC_program.o
 .text.ADC_u8AutoTrigOff
                0x00000000        0x8 MCAL/ADC/ADC_program.o
 .text.ADC_voidIntEn
                0x00000000        0x8 MCAL/ADC/ADC_program.o
 .text.ADC_voidIntDis
                0x00000000        0x8 MCAL/ADC/ADC_program.o
 .text.ADC_voidSetCallBack
                0x00000000        0xa MCAL/ADC/ADC_program.o
 .text          0x00000000        0x0 MCAL/DIO/DIO_program.o
 .data          0x00000000        0x0 MCAL/DIO/DIO_program.o
 .bss           0x00000000        0x0 MCAL/DIO/DIO_program.o
 .text.DIO_TogPinValue
                0x00000000       0x74 MCAL/DIO/DIO_program.o
 .text.DIO_TogPinDirection
                0x00000000       0x74 MCAL/DIO/DIO_program.o
 .text.DIO_Setau8_PORTDirection
                0x00000000       0x2c MCAL/DIO/DIO_program.o
 .text.DIO_Setau8_PORTValue
                0x00000000       0x2c MCAL/DIO/DIO_program.o
 .text.DIO_Getau8_PORTValue
                0x00000000       0x24 MCAL/DIO/DIO_program.o
 .text          0x00000000        0x0 MCAL/I2C/I2C_program.o
 .data          0x00000000        0x0 MCAL/I2C/I2C_program.o
 .bss           0x00000000        0x0 MCAL/I2C/I2C_program.o
 .text.I2C_slaveInit
                0x00000000        0x6 MCAL/I2C/I2C_program.o
 .text.I2C_slaveWrite
                0x00000000       0x10 MCAL/I2C/I2C_program.o
 .text.I2C_slaveAckWrite
                0x00000000       0x16 MCAL/I2C/I2C_program.o
 .text.I2C_slaveRead
                0x00000000       0x16 MCAL/I2C/I2C_program.o
 .text.I2C_slaveAckRead
                0x00000000       0x16 MCAL/I2C/I2C_program.o
 .text          0x00000000        0x0 MCAL/SPI/SPI_program.o
 .data          0x00000000        0x0 MCAL/SPI/SPI_program.o
 .bss           0x00000000        0x0 MCAL/SPI/SPI_program.o
 .text          0x00000000        0x0 MCAL/TIMERS/TIMERS_program.o
 .data          0x00000000        0x0 MCAL/TIMERS/TIMERS_program.o
 .bss           0x00000000        0x0 MCAL/TIMERS/TIMERS_program.o
 .text.OCI0_init
                0x00000000        0xe MCAL/TIMERS/TIMERS_program.o
 .text.OVI2_init
                0x00000000        0xe MCAL/TIMERS/TIMERS_program.o
 .text.OCI2_init
                0x00000000        0xe MCAL/TIMERS/TIMERS_program.o
 .text.TIMER2_start
                0x00000000       0x64 MCAL/TIMERS/TIMERS_program.o
 .text.TIMER2_stop
                0x00000000        0x4 MCAL/TIMERS/TIMERS_program.o
 .text          0x00000000        0x0 MCAL/USART/UART_program.o
 .data          0x00000000        0x0 MCAL/USART/UART_program.o
 .bss           0x00000000        0x0 MCAL/USART/UART_program.o
 .text.USART_voidSendPacket
                0x00000000       0x34 MCAL/USART/UART_program.o
 .text.USART_voidRecieveString
                0x00000000       0x3a MCAL/USART/UART_program.o
 .text.USART_voidReceiveByteIterrupt
                0x00000000        0x8 MCAL/USART/UART_program.o
 .text.USART_RX_Int_CallBack_fun
                0x00000000        0xa MCAL/USART/UART_program.o
 .text.USART_TX_Int_CallBack_fun
                0x00000000        0xa MCAL/USART/UART_program.o
 .text          0x00000000        0x0 SERVICE/ATM_program.o
 .data          0x00000000        0x0 SERVICE/ATM_program.o
 .bss           0x00000000        0x0 SERVICE/ATM_program.o
 .text          0x00000000        0x0 c:/program files (x86)/atmel/studio/7.0/toolchain/avr8/avr8-gnu-toolchain/bin/../lib/gcc/avr/5.4.0/../../../../avr/lib/avr5\libm.a(addsf3.o)
 .data          0x00000000        0x0 c:/program files (x86)/atmel/studio/7.0/toolchain/avr8/avr8-gnu-toolchain/bin/../lib/gcc/avr/5.4.0/../../../../avr/lib/avr5\libm.a(addsf3.o)
 .bss           0x00000000        0x0 c:/program files (x86)/atmel/studio/7.0/toolchain/avr8/avr8-gnu-toolchain/bin/../lib/gcc/avr/5.4.0/../../../../avr/lib/avr5\libm.a(addsf3.o)
 .text          0x00000000        0x0 c:/program files (x86)/atmel/studio/7.0/toolchain/avr8/avr8-gnu-toolchain/bin/../lib/gcc/avr/5.4.0/../../../../avr/lib/avr5\libm.a(addsf3x.o)
 .data          0x00000000        0x0 c:/program files (x86)/atmel/studio/7.0/toolchain/avr8/avr8-gnu-toolchain/bin/../lib/gcc/avr/5.4.0/../../../../avr/lib/avr5\libm.a(addsf3x.o)
 .bss           0x00000000        0x0 c:/program files (x86)/atmel/studio/7.0/toolchain/avr8/avr8-gnu-toolchain/bin/../lib/gcc/avr/5.4.0/../../../../avr/lib/avr5\libm.a(addsf3x.o)
 .text          0x00000000        0x0 c:/program files (x86)/atmel/studio/7.0/toolchain/avr8/avr8-gnu-toolchain/bin/../lib/gcc/avr/5.4.0/../../../../avr/lib/avr5\libm.a(divsf3.o)
 .data          0x00000000        0x0 c:/program files (x86)/atmel/studio/7.0/toolchain/avr8/avr8-gnu-toolchain/bin/../lib/gcc/avr/5.4.0/../../../../avr/lib/avr5\libm.a(divsf3.o)
 .bss           0x00000000        0x0 c:/program files (x86)/atmel/studio/7.0/toolchain/avr8/avr8-gnu-toolchain/bin/../lib/gcc/avr/5.4.0/../../../../avr/lib/avr5\libm.a(divsf3.o)
 .text          0x00000000        0x0 c:/program files (x86)/atmel/studio/7.0/toolchain/avr8/avr8-gnu-toolchain/bin/../lib/gcc/avr/5.4.0/../../../../avr/lib/avr5\libm.a(divsf3x.o)
 .data          0x00000000        0x0 c:/program files (x86)/atmel/studio/7.0/toolchain/avr8/avr8-gnu-toolchain/bin/../lib/gcc/avr/5.4.0/../../../../avr/lib/avr5\libm.a(divsf3x.o)
 .bss           0x00000000        0x0 c:/program files (x86)/atmel/studio/7.0/toolchain/avr8/avr8-gnu-toolchain/bin/../lib/gcc/avr/5.4.0/../../../../avr/lib/avr5\libm.a(divsf3x.o)
 .text          0x00000000        0x0 c:/program files (x86)/atmel/studio/7.0/toolchain/avr8/avr8-gnu-toolchain/bin/../lib/gcc/avr/5.4.0/../../../../avr/lib/avr5\libm.a(fixunssfsi.o)
 .data          0x00000000        0x0 c:/program files (x86)/atmel/studio/7.0/toolchain/avr8/avr8-gnu-toolchain/bin/../lib/gcc/avr/5.4.0/../../../../avr/lib/avr5\libm.a(fixunssfsi.o)
 .bss           0x00000000        0x0 c:/program files (x86)/atmel/studio/7.0/toolchain/avr8/avr8-gnu-toolchain/bin/../lib/gcc/avr/5.4.0/../../../../avr/lib/avr5\libm.a(fixunssfsi.o)
 .text          0x00000000        0x0 c:/program files (x86)/atmel/studio/7.0/toolchain/avr8/avr8-gnu-toolchain/bin/../lib/gcc/avr/5.4.0/../../../../avr/lib/avr5\libm.a(floatsisf.o)
 .data          0x00000000        0x0 c:/program files (x86)/atmel/studio/7.0/toolchain/avr8/avr8-gnu-toolchain/bin/../lib/gcc/avr/5.4.0/../../../../avr/lib/avr5\libm.a(floatsisf.o)
 .bss           0x00000000        0x0 c:/program files (x86)/atmel/studio/7.0/toolchain/avr8/avr8-gnu-toolchain/bin/../lib/gcc/avr/5.4.0/../../../../avr/lib/avr5\libm.a(floatsisf.o)
 .text          0x00000000        0x0 c:/program files (x86)/atmel/studio/7.0/toolchain/avr8/avr8-gnu-toolchain/bin/../lib/gcc/avr/5.4.0/../../../../avr/lib/avr5\libm.a(fp_inf.o)
 .data          0x00000000        0x0 c:/program files (x86)/atmel/studio/7.0/toolchain/avr8/avr8-gnu-toolchain/bin/../lib/gcc/avr/5.4.0/../../../../avr/lib/avr5\libm.a(fp_inf.o)
 .bss           0x00000000        0x0 c:/program files (x86)/atmel/studio/7.0/toolchain/avr8/avr8-gnu-toolchain/bin/../lib/gcc/avr/5.4.0/../../../../avr/lib/avr5\libm.a(fp_inf.o)
 .text          0x00000000        0x0 c:/program files (x86)/atmel/studio/7.0/toolchain/avr8/avr8-gnu-toolchain/bin/../lib/gcc/avr/5.4.0/../../../../avr/lib/avr5\libm.a(fp_nan.o)
 .data          0x00000000        0x0 c:/program files (x86)/atmel/studio/7.0/toolchain/avr8/avr8-gnu-toolchain/bin/../lib/gcc/avr/5.4.0/../../../../avr/lib/avr5\libm.a(fp_nan.o)
 .bss           0x00000000        0x0 c:/program files (x86)/atmel/studio/7.0/toolchain/avr8/avr8-gnu-toolchain/bin/../lib/gcc/avr/5.4.0/../../../../avr/lib/avr5\libm.a(fp_nan.o)
 .text          0x00000000        0x0 c:/program files (x86)/atmel/studio/7.0/toolchain/avr8/avr8-gnu-toolchain/bin/../lib/gcc/avr/5.4.0/../../../../avr/lib/avr5\libm.a(fp_pscA.o)
 .data          0x00000000        0x0 c:/program files (x86)/atmel/studio/7.0/toolchain/avr8/avr8-gnu-toolchain/bin/../lib/gcc/avr/5.4.0/../../../../avr/lib/avr5\libm.a(fp_pscA.o)
 .bss           0x00000000        0x0 c:/program files (x86)/atmel/studio/7.0/toolchain/avr8/avr8-gnu-toolchain/bin/../lib/gcc/avr/5.4.0/../../../../avr/lib/avr5\libm.a(fp_pscA.o)
 .text          0x00000000        0x0 c:/program files (x86)/atmel/studio/7.0/toolchain/avr8/avr8-gnu-toolchain/bin/../lib/gcc/avr/5.4.0/../../../../avr/lib/avr5\libm.a(fp_pscB.o)
 .data          0x00000000        0x0 c:/program files (x86)/atmel/studio/7.0/toolchain/avr8/avr8-gnu-toolchain/bin/../lib/gcc/avr/5.4.0/../../../../avr/lib/avr5\libm.a(fp_pscB.o)
 .bss           0x00000000        0x0 c:/program files (x86)/atmel/studio/7.0/toolchain/avr8/avr8-gnu-toolchain/bin/../lib/gcc/avr/5.4.0/../../../../avr/lib/avr5\libm.a(fp_pscB.o)
 .text          0x00000000        0x0 c:/program files (x86)/atmel/studio/7.0/toolchain/avr8/avr8-gnu-toolchain/bin/../lib/gcc/avr/5.4.0/../../../../avr/lib/avr5\libm.a(fp_round.o)
 .data          0x00000000        0x0 c:/program files (x86)/atmel/studio/7.0/toolchain/avr8/avr8-gnu-toolchain/bin/../lib/gcc/avr/5.4.0/../../../../avr/lib/avr5\libm.a(fp_round.o)
 .bss           0x00000000        0x0 c:/program files (x86)/atmel/studio/7.0/toolchain/avr8/avr8-gnu-toolchain/bin/../lib/gcc/avr/5.4.0/../../../../avr/lib/avr5\libm.a(fp_round.o)
 .text          0x00000000        0x0 c:/program files (x86)/atmel/studio/7.0/toolchain/avr8/avr8-gnu-toolchain/bin/../lib/gcc/avr/5.4.0/../../../../avr/lib/avr5\libm.a(fp_split3.o)
 .data          0x00000000        0x0 c:/program files (x86)/atmel/studio/7.0/toolchain/avr8/avr8-gnu-toolchain/bin/../lib/gcc/avr/5.4.0/../../../../avr/lib/avr5\libm.a(fp_split3.o)
 .bss           0x00000000        0x0 c:/program files (x86)/atmel/studio/7.0/toolchain/avr8/avr8-gnu-toolchain/bin/../lib/gcc/avr/5.4.0/../../../../avr/lib/avr5\libm.a(fp_split3.o)
 .text          0x00000000        0x0 c:/program files (x86)/atmel/studio/7.0/toolchain/avr8/avr8-gnu-toolchain/bin/../lib/gcc/avr/5.4.0/../../../../avr/lib/avr5\libm.a(fp_zero.o)
 .data          0x00000000        0x0 c:/program files (x86)/atmel/studio/7.0/toolchain/avr8/avr8-gnu-toolchain/bin/../lib/gcc/avr/5.4.0/../../../../avr/lib/avr5\libm.a(fp_zero.o)
 .bss           0x00000000        0x0 c:/program files (x86)/atmel/studio/7.0/toolchain/avr8/avr8-gnu-toolchain/bin/../lib/gcc/avr/5.4.0/../../../../avr/lib/avr5\libm.a(fp_zero.o)
 .text          0x00000000        0x0 c:/program files (x86)/atmel/studio/7.0/toolchain/avr8/avr8-gnu-toolchain/bin/../lib/gcc/avr/5.4.0/../../../../avr/lib/avr5\libm.a(log10.o)
 .data          0x00000000        0x0 c:/program files (x86)/atmel/studio/7.0/toolchain/avr8/avr8-gnu-toolchain/bin/../lib/gcc/avr/5.4.0/../../../../avr/lib/avr5\libm.a(log10.o)
 .bss           0x00000000        0x0 c:/program files (x86)/atmel/studio/7.0/toolchain/avr8/avr8-gnu-toolchain/bin/../lib/gcc/avr/5.4.0/../../../../avr/lib/avr5\libm.a(log10.o)
 .text          0x00000000        0x0 c:/program files (x86)/atmel/studio/7.0/toolchain/avr8/avr8-gnu-toolchain/bin/../lib/gcc/avr/5.4.0/../../../../avr/lib/avr5\libm.a(log.o)
 .data          0x00000000        0x0 c:/program files (x86)/atmel/studio/7.0/toolchain/avr8/avr8-gnu-toolchain/bin/../lib/gcc/avr/5.4.0/../../../../avr/lib/avr5\libm.a(log.o)
 .bss           0x00000000        0x0 c:/program files (x86)/atmel/studio/7.0/toolchain/avr8/avr8-gnu-toolchain/bin/../lib/gcc/avr/5.4.0/../../../../avr/lib/avr5\libm.a(log.o)
 .text          0x00000000        0x0 c:/program files (x86)/atmel/studio/7.0/toolchain/avr8/avr8-gnu-toolchain/bin/../lib/gcc/avr/5.4.0/../../../../avr/lib/avr5\libm.a(mulsf3.o)
 .data          0x00000000        0x0 c:/program files (x86)/atmel/studio/7.0/toolchain/avr8/avr8-gnu-toolchain/bin/../lib/gcc/avr/5.4.0/../../../../avr/lib/avr5\libm.a(mulsf3.o)
 .bss           0x00000000        0x0 c:/program files (x86)/atmel/studio/7.0/toolchain/avr8/avr8-gnu-toolchain/bin/../lib/gcc/avr/5.4.0/../../../../avr/lib/avr5\libm.a(mulsf3.o)
 .text          0x00000000        0x0 c:/program files (x86)/atmel/studio/7.0/toolchain/avr8/avr8-gnu-toolchain/bin/../lib/gcc/avr/5.4.0/../../../../avr/lib/avr5\libm.a(mulsf3x.o)
 .data          0x00000000        0x0 c:/program files (x86)/atmel/studio/7.0/toolchain/avr8/avr8-gnu-toolchain/bin/../lib/gcc/avr/5.4.0/../../../../avr/lib/avr5\libm.a(mulsf3x.o)
 .bss           0x00000000        0x0 c:/program files (x86)/atmel/studio/7.0/toolchain/avr8/avr8-gnu-toolchain/bin/../lib/gcc/avr/5.4.0/../../../../avr/lib/avr5\libm.a(mulsf3x.o)
 .text          0x00000000        0x0 c:/program files (x86)/atmel/studio/7.0/toolchain/avr8/avr8-gnu-toolchain/bin/../lib/gcc/avr/5.4.0/../../../../avr/lib/avr5\libm.a(pow.o)
 .data          0x00000000        0x0 c:/program files (x86)/atmel/studio/7.0/toolchain/avr8/avr8-gnu-toolchain/bin/../lib/gcc/avr/5.4.0/../../../../avr/lib/avr5\libm.a(pow.o)
 .bss           0x00000000        0x0 c:/program files (x86)/atmel/studio/7.0/toolchain/avr8/avr8-gnu-toolchain/bin/../lib/gcc/avr/5.4.0/../../../../avr/lib/avr5\libm.a(pow.o)
 .text          0x00000000        0x0 c:/program files (x86)/atmel/studio/7.0/toolchain/avr8/avr8-gnu-toolchain/bin/../lib/gcc/avr/5.4.0/../../../../avr/lib/avr5\libm.a(exp.o)
 .data          0x00000000        0x0 c:/program files (x86)/atmel/studio/7.0/toolchain/avr8/avr8-gnu-toolchain/bin/../lib/gcc/avr/5.4.0/../../../../avr/lib/avr5\libm.a(exp.o)
 .bss           0x00000000        0x0 c:/program files (x86)/atmel/studio/7.0/toolchain/avr8/avr8-gnu-toolchain/bin/../lib/gcc/avr/5.4.0/../../../../avr/lib/avr5\libm.a(exp.o)
 .text          0x00000000        0x0 c:/program files (x86)/atmel/studio/7.0/toolchain/avr8/avr8-gnu-toolchain/bin/../lib/gcc/avr/5.4.0/../../../../avr/lib/avr5\libm.a(fp_mpack.o)
 .data          0x00000000        0x0 c:/program files (x86)/atmel/studio/7.0/toolchain/avr8/avr8-gnu-toolchain/bin/../lib/gcc/avr/5.4.0/../../../../avr/lib/avr5\libm.a(fp_mpack.o)
 .bss           0x00000000        0x0 c:/program files (x86)/atmel/studio/7.0/toolchain/avr8/avr8-gnu-toolchain/bin/../lib/gcc/avr/5.4.0/../../../../avr/lib/avr5\libm.a(fp_mpack.o)
 .text          0x00000000        0x0 c:/program files (x86)/atmel/studio/7.0/toolchain/avr8/avr8-gnu-toolchain/bin/../lib/gcc/avr/5.4.0/../../../../avr/lib/avr5\libm.a(fp_powser.o)
 .data          0x00000000        0x0 c:/program files (x86)/atmel/studio/7.0/toolchain/avr8/avr8-gnu-toolchain/bin/../lib/gcc/avr/5.4.0/../../../../avr/lib/avr5\libm.a(fp_powser.o)
 .bss           0x00000000        0x0 c:/program files (x86)/atmel/studio/7.0/toolchain/avr8/avr8-gnu-toolchain/bin/../lib/gcc/avr/5.4.0/../../../../avr/lib/avr5\libm.a(fp_powser.o)
 .text          0x00000000        0x0 c:/program files (x86)/atmel/studio/7.0/toolchain/avr8/avr8-gnu-toolchain/bin/../lib/gcc/avr/5.4.0/../../../../avr/lib/avr5\libm.a(inverse.o)
 .data          0x00000000        0x0 c:/program files (x86)/atmel/studio/7.0/toolchain/avr8/avr8-gnu-toolchain/bin/../lib/gcc/avr/5.4.0/../../../../avr/lib/avr5\libm.a(inverse.o)
 .bss           0x00000000        0x0 c:/program files (x86)/atmel/studio/7.0/toolchain/avr8/avr8-gnu-toolchain/bin/../lib/gcc/avr/5.4.0/../../../../avr/lib/avr5\libm.a(inverse.o)
 .text          0x00000000        0x0 c:/program files (x86)/atmel/studio/7.0/toolchain/avr8/avr8-gnu-toolchain/bin/../lib/gcc/avr/5.4.0/../../../../avr/lib/avr5\libm.a(ldexp.o)
 .data          0x00000000        0x0 c:/program files (x86)/atmel/studio/7.0/toolchain/avr8/avr8-gnu-toolchain/bin/../lib/gcc/avr/5.4.0/../../../../avr/lib/avr5\libm.a(ldexp.o)
 .bss           0x00000000        0x0 c:/program files (x86)/atmel/studio/7.0/toolchain/avr8/avr8-gnu-toolchain/bin/../lib/gcc/avr/5.4.0/../../../../avr/lib/avr5\libm.a(ldexp.o)
 .text          0x00000000        0x0 c:/program files (x86)/atmel/studio/7.0/toolchain/avr8/avr8-gnu-toolchain/bin/../lib/gcc/avr/5.4.0/../../../../avr/lib/avr5\libm.a(modf.o)
 .data          0x00000000        0x0 c:/program files (x86)/atmel/studio/7.0/toolchain/avr8/avr8-gnu-toolchain/bin/../lib/gcc/avr/5.4.0/../../../../avr/lib/avr5\libm.a(modf.o)
 .bss           0x00000000        0x0 c:/program files (x86)/atmel/studio/7.0/toolchain/avr8/avr8-gnu-toolchain/bin/../lib/gcc/avr/5.4.0/../../../../avr/lib/avr5\libm.a(modf.o)
 .text          0x00000000        0x0 c:/program files (x86)/atmel/studio/7.0/toolchain/avr8/avr8-gnu-toolchain/bin/../lib/gcc/avr/5.4.0/avr5\libgcc.a(_udivmodsi4.o)
 .data          0x00000000        0x0 c:/program files (x86)/atmel/studio/7.0/toolchain/avr8/avr8-gnu-toolchain/bin/../lib/gcc/avr/5.4.0/avr5\libgcc.a(_udivmodsi4.o)
 .bss           0x00000000        0x0 c:/program files (x86)/atmel/studio/7.0/toolchain/avr8/avr8-gnu-toolchain/bin/../lib/gcc/avr/5.4.0/avr5\libgcc.a(_udivmodsi4.o)
 .text.libgcc.mul
                0x00000000        0x0 c:/program files (x86)/atmel/studio/7.0/toolchain/avr8/avr8-gnu-toolchain/bin/../lib/gcc/avr/5.4.0/avr5\libgcc.a(_udivmodsi4.o)
 .text.libgcc   0x00000000        0x0 c:/program files (x86)/atmel/studio/7.0/toolchain/avr8/avr8-gnu-toolchain/bin/../lib/gcc/avr/5.4.0/avr5\libgcc.a(_udivmodsi4.o)
 .text.libgcc.prologue
                0x00000000        0x0 c:/program files (x86)/atmel/studio/7.0/toolchain/avr8/avr8-gnu-toolchain/bin/../lib/gcc/avr/5.4.0/avr5\libgcc.a(_udivmodsi4.o)
 .text.libgcc.builtins
                0x00000000        0x0 c:/program files (x86)/atmel/studio/7.0/toolchain/avr8/avr8-gnu-toolchain/bin/../lib/gcc/avr/5.4.0/avr5\libgcc.a(_udivmodsi4.o)
 .text.libgcc.fmul
                0x00000000        0x0 c:/program files (x86)/atmel/studio/7.0/toolchain/avr8/avr8-gnu-toolchain/bin/../lib/gcc/avr/5.4.0/avr5\libgcc.a(_udivmodsi4.o)
 .text.libgcc.fixed
                0x00000000        0x0 c:/program files (x86)/atmel/studio/7.0/toolchain/avr8/avr8-gnu-toolchain/bin/../lib/gcc/avr/5.4.0/avr5\libgcc.a(_udivmodsi4.o)
 .text          0x00000000        0x0 c:/program files (x86)/atmel/studio/7.0/toolchain/avr8/avr8-gnu-toolchain/bin/../lib/gcc/avr/5.4.0/avr5\libgcc.a(_exit.o)
 .data          0x00000000        0x0 c:/program files (x86)/atmel/studio/7.0/toolchain/avr8/avr8-gnu-toolchain/bin/../lib/gcc/avr/5.4.0/avr5\libgcc.a(_exit.o)
 .bss           0x00000000        0x0 c:/program files (x86)/atmel/studio/7.0/toolchain/avr8/avr8-gnu-toolchain/bin/../lib/gcc/avr/5.4.0/avr5\libgcc.a(_exit.o)
 .text.libgcc.mul
                0x00000000        0x0 c:/program files (x86)/atmel/studio/7.0/toolchain/avr8/avr8-gnu-toolchain/bin/../lib/gcc/avr/5.4.0/avr5\libgcc.a(_exit.o)
 .text.libgcc.div
                0x00000000        0x0 c:/program files (x86)/atmel/studio/7.0/toolchain/avr8/avr8-gnu-toolchain/bin/../lib/gcc/avr/5.4.0/avr5\libgcc.a(_exit.o)
 .text.libgcc   0x00000000        0x0 c:/program files (x86)/atmel/studio/7.0/toolchain/avr8/avr8-gnu-toolchain/bin/../lib/gcc/avr/5.4.0/avr5\libgcc.a(_exit.o)
 .text.libgcc.prologue
                0x00000000        0x0 c:/program files (x86)/atmel/studio/7.0/toolchain/avr8/avr8-gnu-toolchain/bin/../lib/gcc/avr/5.4.0/avr5\libgcc.a(_exit.o)
 .text.libgcc.builtins
                0x00000000        0x0 c:/program files (x86)/atmel/studio/7.0/toolchain/avr8/avr8-gnu-toolchain/bin/../lib/gcc/avr/5.4.0/avr5\libgcc.a(_exit.o)
 .text.libgcc.fmul
                0x00000000        0x0 c:/program files (x86)/atmel/studio/7.0/toolchain/avr8/avr8-gnu-toolchain/bin/../lib/gcc/avr/5.4.0/avr5\libgcc.a(_exit.o)
 .text.libgcc.fixed
                0x00000000        0x0 c:/program files (x86)/atmel/studio/7.0/toolchain/avr8/avr8-gnu-toolchain/bin/../lib/gcc/avr/5.4.0/avr5\libgcc.a(_exit.o)
 .text          0x00000000        0x0 c:/program files (x86)/atmel/studio/7.0/toolchain/avr8/avr8-gnu-toolchain/bin/../lib/gcc/avr/5.4.0/avr5\libgcc.a(_copy_data.o)
 .data          0x00000000        0x0 c:/program files (x86)/atmel/studio/7.0/toolchain/avr8/avr8-gnu-toolchain/bin/../lib/gcc/avr/5.4.0/avr5\libgcc.a(_copy_data.o)
 .bss           0x00000000        0x0 c:/program files (x86)/atmel/studio/7.0/toolchain/avr8/avr8-gnu-toolchain/bin/../lib/gcc/avr/5.4.0/avr5\libgcc.a(_copy_data.o)
 .text.libgcc.mul
                0x00000000        0x0 c:/program files (x86)/atmel/studio/7.0/toolchain/avr8/avr8-gnu-toolchain/bin/../lib/gcc/avr/5.4.0/avr5\libgcc.a(_copy_data.o)
 .text.libgcc.div
                0x00000000        0x0 c:/program files (x86)/atmel/studio/7.0/toolchain/avr8/avr8-gnu-toolchain/bin/../lib/gcc/avr/5.4.0/avr5\libgcc.a(_copy_data.o)
 .text.libgcc   0x00000000        0x0 c:/program files (x86)/atmel/studio/7.0/toolchain/avr8/avr8-gnu-toolchain/bin/../lib/gcc/avr/5.4.0/avr5\libgcc.a(_copy_data.o)
 .text.libgcc.prologue
                0x00000000        0x0 c:/program files (x86)/atmel/studio/7.0/toolchain/avr8/avr8-gnu-toolchain/bin/../lib/gcc/avr/5.4.0/avr5\libgcc.a(_copy_data.o)
 .text.libgcc.builtins
                0x00000000        0x0 c:/program files (x86)/atmel/studio/7.0/toolchain/avr8/avr8-gnu-toolchain/bin/../lib/gcc/avr/5.4.0/avr5\libgcc.a(_copy_data.o)
 .text.libgcc.fmul
                0x00000000        0x0 c:/program files (x86)/atmel/studio/7.0/toolchain/avr8/avr8-gnu-toolchain/bin/../lib/gcc/avr/5.4.0/avr5\libgcc.a(_copy_data.o)
 .text.libgcc.fixed
                0x00000000        0x0 c:/program files (x86)/atmel/studio/7.0/toolchain/avr8/avr8-gnu-toolchain/bin/../lib/gcc/avr/5.4.0/avr5\libgcc.a(_copy_data.o)
 .text          0x00000000        0x0 c:/program files (x86)/atmel/studio/7.0/toolchain/avr8/avr8-gnu-toolchain/bin/../lib/gcc/avr/5.4.0/avr5\libgcc.a(_clear_bss.o)
 .data          0x00000000        0x0 c:/program files (x86)/atmel/studio/7.0/toolchain/avr8/avr8-gnu-toolchain/bin/../lib/gcc/avr/5.4.0/avr5\libgcc.a(_clear_bss.o)
 .bss           0x00000000        0x0 c:/program files (x86)/atmel/studio/7.0/toolchain/avr8/avr8-gnu-toolchain/bin/../lib/gcc/avr/5.4.0/avr5\libgcc.a(_clear_bss.o)
 .text.libgcc.mul
                0x00000000        0x0 c:/program files (x86)/atmel/studio/7.0/toolchain/avr8/avr8-gnu-toolchain/bin/../lib/gcc/avr/5.4.0/avr5\libgcc.a(_clear_bss.o)
 .text.libgcc.div
                0x00000000        0x0 c:/program files (x86)/atmel/studio/7.0/toolchain/avr8/avr8-gnu-toolchain/bin/../lib/gcc/avr/5.4.0/avr5\libgcc.a(_clear_bss.o)
 .text.libgcc   0x00000000        0x0 c:/program files (x86)/atmel/studio/7.0/toolchain/avr8/avr8-gnu-toolchain/bin/../lib/gcc/avr/5.4.0/avr5\libgcc.a(_clear_bss.o)
 .text.libgcc.prologue
                0x00000000        0x0 c:/program files (x86)/atmel/studio/7.0/toolchain/avr8/avr8-gnu-toolchain/bin/../lib/gcc/avr/5.4.0/avr5\libgcc.a(_clear_bss.o)
 .text.libgcc.builtins
                0x00000000        0x0 c:/program files (x86)/atmel/studio/7.0/toolchain/avr8/avr8-gnu-toolchain/bin/../lib/gcc/avr/5.4.0/avr5\libgcc.a(_clear_bss.o)
 .text.libgcc.fmul
                0x00000000        0x0 c:/program files (x86)/atmel/studio/7.0/toolchain/avr8/avr8-gnu-toolchain/bin/../lib/gcc/avr/5.4.0/avr5\libgcc.a(_clear_bss.o)
 .text.libgcc.fixed
                0x00000000        0x0 c:/program files (x86)/atmel/studio/7.0/toolchain/avr8/avr8-gnu-toolchain/bin/../lib/gcc/avr/5.4.0/avr5\libgcc.a(_clear_bss.o)
 .text          0x00000000        0x0 c:/program files (x86)/atmel/studio/7.0/toolchain/avr8/avr8-gnu-toolchain/bin/../lib/gcc/avr/5.4.0/avr5\libgcc.a(_umulhisi3.o)
 .data          0x00000000        0x0 c:/program files (x86)/atmel/studio/7.0/toolchain/avr8/avr8-gnu-toolchain/bin/../lib/gcc/avr/5.4.0/avr5\libgcc.a(_umulhisi3.o)
 .bss           0x00000000        0x0 c:/program files (x86)/atmel/studio/7.0/toolchain/avr8/avr8-gnu-toolchain/bin/../lib/gcc/avr/5.4.0/avr5\libgcc.a(_umulhisi3.o)
 .text.libgcc.div
                0x00000000        0x0 c:/program files (x86)/atmel/studio/7.0/toolchain/avr8/avr8-gnu-toolchain/bin/../lib/gcc/avr/5.4.0/avr5\libgcc.a(_umulhisi3.o)
 .text.libgcc   0x00000000        0x0 c:/program files (x86)/atmel/studio/7.0/toolchain/avr8/avr8-gnu-toolchain/bin/../lib/gcc/avr/5.4.0/avr5\libgcc.a(_umulhisi3.o)
 .text.libgcc.prologue
                0x00000000        0x0 c:/program files (x86)/atmel/studio/7.0/toolchain/avr8/avr8-gnu-toolchain/bin/../lib/gcc/avr/5.4.0/avr5\libgcc.a(_umulhisi3.o)
 .text.libgcc.builtins
                0x00000000        0x0 c:/program files (x86)/atmel/studio/7.0/toolchain/avr8/avr8-gnu-toolchain/bin/../lib/gcc/avr/5.4.0/avr5\libgcc.a(_umulhisi3.o)
 .text.libgcc.fmul
                0x00000000        0x0 c:/program files (x86)/atmel/studio/7.0/toolchain/avr8/avr8-gnu-toolchain/bin/../lib/gcc/avr/5.4.0/avr5\libgcc.a(_umulhisi3.o)
 .text.libgcc.fixed
                0x00000000        0x0 c:/program files (x86)/atmel/studio/7.0/toolchain/avr8/avr8-gnu-toolchain/bin/../lib/gcc/avr/5.4.0/avr5\libgcc.a(_umulhisi3.o)
 .text          0x00000000        0x0 c:/program files (x86)/atmel/studio/7.0/toolchain/avr8/avr8-gnu-toolchain/bin/../lib/gcc/avr/5.4.0/avr5\libgcc.a(_muluhisi3.o)
 .data          0x00000000        0x0 c:/program files (x86)/atmel/studio/7.0/toolchain/avr8/avr8-gnu-toolchain/bin/../lib/gcc/avr/5.4.0/avr5\libgcc.a(_muluhisi3.o)
 .bss           0x00000000        0x0 c:/program files (x86)/atmel/studio/7.0/toolchain/avr8/avr8-gnu-toolchain/bin/../lib/gcc/avr/5.4.0/avr5\libgcc.a(_muluhisi3.o)
 .text.libgcc.div
                0x00000000        0x0 c:/program files (x86)/atmel/studio/7.0/toolchain/avr8/avr8-gnu-toolchain/bin/../lib/gcc/avr/5.4.0/avr5\libgcc.a(_muluhisi3.o)
 .text.libgcc   0x00000000        0x0 c:/program files (x86)/atmel/studio/7.0/toolchain/avr8/avr8-gnu-toolchain/bin/../lib/gcc/avr/5.4.0/avr5\libgcc.a(_muluhisi3.o)
 .text.libgcc.prologue
                0x00000000        0x0 c:/program files (x86)/atmel/studio/7.0/toolchain/avr8/avr8-gnu-toolchain/bin/../lib/gcc/avr/5.4.0/avr5\libgcc.a(_muluhisi3.o)
 .text.libgcc.builtins
                0x00000000        0x0 c:/program files (x86)/atmel/studio/7.0/toolchain/avr8/avr8-gnu-toolchain/bin/../lib/gcc/avr/5.4.0/avr5\libgcc.a(_muluhisi3.o)
 .text.libgcc.fmul
                0x00000000        0x0 c:/program files (x86)/atmel/studio/7.0/toolchain/avr8/avr8-gnu-toolchain/bin/../lib/gcc/avr/5.4.0/avr5\libgcc.a(_muluhisi3.o)
 .text.libgcc.fixed
                0x00000000        0x0 c:/program files (x86)/atmel/studio/7.0/toolchain/avr8/avr8-gnu-toolchain/bin/../lib/gcc/avr/5.4.0/avr5\libgcc.a(_muluhisi3.o)
 .text          0x00000000        0x0 c:/program files (x86)/atmel/studio/7.0/toolchain/avr8/avr8-gnu-toolchain/bin/../lib/gcc/avr/5.4.0/../../../../avr/lib/avr5\libc.a(strcmp.o)
 .data          0x00000000        0x0 c:/program files (x86)/atmel/studio/7.0/toolchain/avr8/avr8-gnu-toolchain/bin/../lib/gcc/avr/5.4.0/../../../../avr/lib/avr5\libc.a(strcmp.o)
 .bss           0x00000000        0x0 c:/program files (x86)/atmel/studio/7.0/toolchain/avr8/avr8-gnu-toolchain/bin/../lib/gcc/avr/5.4.0/../../../../avr/lib/avr5\libc.a(strcmp.o)

Memory Configuration

Name             Origin             Length             Attributes
text             0x00000000         0x00008000         xr
data             0x00800060         0x00000800         rw !x
eeprom           0x00810000         0x00000400         rw !x
fuse             0x00820000         0x00000002         rw !x
lock             0x00830000         0x00000400         rw !x
signature        0x00840000         0x00000400         rw !x
user_signatures  0x00850000         0x00000400         rw !x
*default*        0x00000000         0xffffffff

Linker script and memory map

LOAD C:/Program Files (x86)/Atmel/Studio/7.0/Packs/atmel/ATmega_DFP/1.6.364/gcc/dev/atmega32a/avr5/crtatmega32a.o
LOAD APP/ATM.o
LOAD ECUAL/BUZZER/BUZZER_program.o
LOAD ECUAL/EEPROM/EEPROM_program.o
LOAD ECUAL/KEYPAD/KEYPAD_program.o
LOAD ECUAL/LCD/LCD_program.o
LOAD ECUAL/LM35/LM35_program.o
LOAD ECUAL/MOTOR/MOTOR_program.o
LOAD MCAL/ADC/ADC_program.o
LOAD MCAL/DIO/DIO_program.o
LOAD MCAL/I2C/I2C_program.o
LOAD MCAL/SPI/SPI_program.o
LOAD MCAL/TIMERS/TIMERS_program.o
LOAD MCAL/USART/UART_program.o
LOAD SERVICE/ATM_program.o
START GROUP
LOAD c:/program files (x86)/atmel/studio/7.0/toolchain/avr8/avr8-gnu-toolchain/bin/../lib/gcc/avr/5.4.0/../../../../avr/lib/avr5\libm.a
END GROUP
START GROUP
LOAD c:/program files (x86)/atmel/studio/7.0/toolchain/avr8/avr8-gnu-toolchain/bin/../lib/gcc/avr/5.4.0/avr5\libgcc.a
LOAD c:/program files (x86)/atmel/studio/7.0/toolchain/avr8/avr8-gnu-toolchain/bin/../lib/gcc/avr/5.4.0/../../../../avr/lib/avr5\libm.a
LOAD c:/program files (x86)/atmel/studio/7.0/toolchain/avr8/avr8-gnu-toolchain/bin/../lib/gcc/avr/5.4.0/../../../../avr/lib/avr5\libc.a
LOAD C:/Program Files (x86)/Atmel/Studio/7.0/Packs/atmel/ATmega_DFP/1.6.364/gcc/dev/atmega32a/avr5\libatmega32a.a
END GROUP
                [0x00000000]                __TEXT_REGION_ORIGIN__ = DEFINED (__TEXT_REGION_ORIGIN__)?__TEXT_REGION_ORIGIN__:0x0
                [0x00800060]                __DATA_REGION_ORIGIN__ = DEFINED (__DATA_REGION_ORIGIN__)?__DATA_REGION_ORIGIN__:0x800060
                [0x00008000]                __TEXT_REGION_LENGTH__ = DEFINED (__TEXT_REGION_LENGTH__)?__TEXT_REGION_LENGTH__:0x20000
                [0x00000800]                __DATA_REGION_LENGTH__ = DEFINED (__DATA_REGION_LENGTH__)?__DATA_REGION_LENGTH__:0xffa0
                [0x00000400]                __EEPROM_REGION_LENGTH__ = DEFINED (__EEPROM_REGION_LENGTH__)?__EEPROM_REGION_LENGTH__:0x10000
                [0x00000002]                __FUSE_REGION_LENGTH__ = DEFINED (__FUSE_REGION_LENGTH__)?__FUSE_REGION_LENGTH__:0x400
                0x00000400                __LOCK_REGION_LENGTH__ = DEFINED (__LOCK_REGION_LENGTH__)?__LOCK_REGION_LENGTH__:0x400
                0x00000400                __SIGNATURE_REGION_LENGTH__ = DEFINED (__SIGNATURE_REGION_LENGTH__)?__SIGNATURE_REGION_LENGTH__:0x400
                0x00000400                __USER_SIGNATURE_REGION_LENGTH__ = DEFINED (__USER_SIGNATURE_REGION_LENGTH__)?__USER_SIGNATURE_REGION_LENGTH__:0x400

.hash
 *(.hash)

.dynsym
 *(.dynsym)

.dynstr
 *(.dynstr)

.gnu.version
 *(.gnu.version)

.gnu.version_d
 *(.gnu.version_d)

.gnu.version_r
 *(.gnu.version_r)

.rel.init
 *(.rel.init)

.rela.init
 *(.rela.init)

.rel.text
 *(.rel.text)
 *(.rel.text.*)
 *(.rel.gnu.linkonce.t*)

.rela.text
 *(.rela.text)
 *(.rela.text.*)
 *(.rela.gnu.linkonce.t*)

.rel.fini
 *(.rel.fini)

.rela.fini
 *(.rela.fini)

.rel.rodata
 *(.rel.rodata)
 *(.rel.rodata.*)
 *(.rel.gnu.linkonce.r*)

.rela.rodata
 *(.rela.rodata)
 *(.rela.rodata.*)
 *(.rela.gnu.linkonce.r*)

.rel.data
 *(.rel.data)
 *(.rel.data.*)
 *(.rel.gnu.linkonce.d*)

.rela.data
 *(.rela.data)
 *(.rela.data.*)
 *(.rela.gnu.linkonce.d*)

.rel.ctors
 *(.rel.ctors)

.rela.ctors
 *(.rela.ctors)

.rel.dtors
 *(.rel.dtors)

.rela.dtors
 *(.rela.dtors)

.rel.got
 *(.rel.got)

.rela.got
 *(.rela.got)

.rel.bss
 *(.rel.bss)

.rela.bss
 *(.rela.bss)

.rel.plt
 *(.rel.plt)

.rela.plt
 *(.rela.plt)

.text           0x00000000     0x2388
 *(.vectors)
 .vectors       0x00000000       0x54 C:/Program Files (x86)/Atmel/Studio/7.0/Packs/atmel/ATmega_DFP/1.6.364/gcc/dev/atmega32a/avr5/crtatmega32a.o
                0x00000000                __vector_default
                0x00000000                __vectors
 *(.vectors)
 *(.progmem.gcc*)
 .progmem.gcc_fplib
                0x00000054       0x5a c:/program files (x86)/atmel/studio/7.0/toolchain/avr8/avr8-gnu-toolchain/bin/../lib/gcc/avr/5.4.0/../../../../avr/lib/avr5\libm.a(log.o)
 .progmem.gcc_fplib
                0x000000ae       0x28 c:/program files (x86)/atmel/studio/7.0/toolchain/avr8/avr8-gnu-toolchain/bin/../lib/gcc/avr/5.4.0/../../../../avr/lib/avr5\libm.a(exp.o)
                0x000000d6                . = ALIGN (0x2)
                0x000000d6                __trampolines_start = .
 *(.trampolines)
 .trampolines   0x000000d6        0x0 linker stubs
 *(.trampolines*)
                0x000000d6                __trampolines_end = .
 *libprintf_flt.a:*(.progmem.data)
 *libc.a:*(.progmem.data)
 *(.progmem*)
                0x000000d6                . = ALIGN (0x2)
 *(.jumptables)
 *(.jumptables*)
 *(.lowtext)
 *(.lowtext*)
                0x000000d6                __ctors_start = .
 *(.ctors)
                0x000000d6                __ctors_end = .
                0x000000d6                __dtors_start = .
 *(.dtors)
                0x000000d6                __dtors_end = .
 SORT(*)(.ctors)
 SORT(*)(.dtors)
 *(.init0)
 .init0         0x000000d6        0x0 C:/Program Files (x86)/Atmel/Studio/7.0/Packs/atmel/ATmega_DFP/1.6.364/gcc/dev/atmega32a/avr5/crtatmega32a.o
                0x000000d6                __init
 *(.init0)
 *(.init1)
 *(.init1)
 *(.init2)
 .init2         0x000000d6        0xc C:/Program Files (x86)/Atmel/Studio/7.0/Packs/atmel/ATmega_DFP/1.6.364/gcc/dev/atmega32a/avr5/crtatmega32a.o
 *(.init2)
 *(.init3)
 *(.init3)
 *(.init4)
 .init4         0x000000e2       0x16 c:/program files (x86)/atmel/studio/7.0/toolchain/avr8/avr8-gnu-toolchain/bin/../lib/gcc/avr/5.4.0/avr5\libgcc.a(_copy_data.o)
                0x000000e2                __do_copy_data
 .init4         0x000000f8       0x10 c:/program files (x86)/atmel/studio/7.0/toolchain/avr8/avr8-gnu-toolchain/bin/../lib/gcc/avr/5.4.0/avr5\libgcc.a(_clear_bss.o)
                0x000000f8                __do_clear_bss
 *(.init4)
 *(.init5)
 *(.init5)
 *(.init6)
 *(.init6)
 *(.init7)
 *(.init7)
 *(.init8)
 *(.init8)
 *(.init9)
 .init9         0x00000108        0x8 C:/Program Files (x86)/Atmel/Studio/7.0/Packs/atmel/ATmega_DFP/1.6.364/gcc/dev/atmega32a/avr5/crtatmega32a.o
 *(.init9)
 *(.text)
 .text          0x00000110        0x4 C:/Program Files (x86)/Atmel/Studio/7.0/Packs/atmel/ATmega_DFP/1.6.364/gcc/dev/atmega32a/avr5/crtatmega32a.o
                0x00000110                __vector_1
                0x00000110                __vector_12
                0x00000110                __bad_interrupt
                0x00000110                __vector_6
                0x00000110                __vector_3
                0x00000110                __vector_17
                0x00000110                __vector_19
                0x00000110                __vector_7
                0x00000110                __vector_5
                0x00000110                __vector_4
                0x00000110                __vector_9
                0x00000110                __vector_2
                0x00000110                __vector_8
                0x00000110                __vector_14
                0x00000110                __vector_10
                0x00000110                __vector_18
                0x00000110                __vector_20
                0x00000114                . = ALIGN (0x2)
 *(.text.*)
 .text.main     0x00000114      0x376 APP/ATM.o
                0x00000114                main
 .text.BUZZER_en
                0x0000048a        0xc ECUAL/BUZZER/BUZZER_program.o
                0x0000048a                BUZZER_en
 .text.BUZZER_on
                0x00000496        0xc ECUAL/BUZZER/BUZZER_program.o
                0x00000496                BUZZER_on
 .text.BUZZER_off
                0x000004a2        0xc ECUAL/BUZZER/BUZZER_program.o
                0x000004a2                BUZZER_off
 .text.EEPROM_voidInit
                0x000004ae        0x6 ECUAL/EEPROM/EEPROM_program.o
                0x000004ae                EEPROM_voidInit
 .text.EEPROM_u8WriteNeededPartBlock
                0x000004b4       0x92 ECUAL/EEPROM/EEPROM_program.o
                0x000004b4                EEPROM_u8WriteNeededPartBlock
 .text.EEPROM_u8WriteWantedByte
                0x00000546       0x60 ECUAL/EEPROM/EEPROM_program.o
                0x00000546                EEPROM_u8WriteWantedByte
 .text.EEPROM_u8ReadNeededPartBlock
                0x000005a6       0xc0 ECUAL/EEPROM/EEPROM_program.o
                0x000005a6                EEPROM_u8ReadNeededPartBlock
 .text.EEPROM_u8ReadWantedByte
                0x00000666       0x7a ECUAL/EEPROM/EEPROM_program.o
                0x00000666                EEPROM_u8ReadWantedByte
 .text.Key_U8Delay
                0x000006e0       0x62 ECUAL/KEYPAD/KEYPAD_program.o
                0x000006e0                Key_U8Delay
 .text.Keyad_VoidINit
                0x00000742       0xa2 ECUAL/KEYPAD/KEYPAD_program.o
                0x00000742                Keyad_VoidINit
 .text.KeyPad_U8Data
                0x000007e4       0xf6 ECUAL/KEYPAD/KEYPAD_program.o
                0x000007e4                KeyPad_U8Data
 .text.LCD_command
                0x000008da       0x78 ECUAL/LCD/LCD_program.o
                0x000008da                LCD_command
 .text.LCD_init
                0x00000952       0xce ECUAL/LCD/LCD_program.o
                0x00000952                LCD_init
 .text.LCD_data
                0x00000a20       0x78 ECUAL/LCD/LCD_program.o
                0x00000a20                LCD_data
 .text.LCD_printString
                0x00000a98       0x26 ECUAL/LCD/LCD_program.o
                0x00000a98                LCD_printString
 .text.LCD_printDigits
                0x00000abe      0x122 ECUAL/LCD/LCD_program.o
                0x00000abe                LCD_printDigits
 .text.LCD_cursorMove
                0x00000be0       0x42 ECUAL/LCD/LCD_program.o
                0x00000be0                LCD_cursorMove
 .text.LCD_newLine
                0x00000c22        0x8 ECUAL/LCD/LCD_program.o
                0x00000c22                LCD_newLine
 .text.LM35_voidInit
                0x00000c2a       0x1e ECUAL/LM35/LM35_program.o
                0x00000c2a                LM35_voidInit
 .text.LM35_u8GetTempInC
                0x00000c48       0xda ECUAL/LM35/LM35_program.o
                0x00000c48                LM35_u8GetTempInC
 .text.Motor_setDirection
                0x00000d22       0x76 ECUAL/MOTOR/MOTOR_program.o
                0x00000d22                Motor_setDirection
 .text.motorOn  0x00000d98       0x28 ECUAL/MOTOR/MOTOR_program.o
                0x00000d98                motorOn
 .text.motorOff
                0x00000dc0       0x28 ECUAL/MOTOR/MOTOR_program.o
                0x00000dc0                motorOff
 .text.ADC_voidInit
                0x00000de8       0x62 MCAL/ADC/ADC_program.o
                0x00000de8                ADC_voidInit
 .text.ADC_voidStartConversion
                0x00000e4a        0xe MCAL/ADC/ADC_program.o
                0x00000e4a                ADC_voidStartConversion
 .text.ADC_u8GetFlagInt
                0x00000e58       0x16 MCAL/ADC/ADC_program.o
                0x00000e58                ADC_u8GetFlagInt
 .text.ADC_u8GetResult
                0x00000e6e       0x26 MCAL/ADC/ADC_program.o
                0x00000e6e                ADC_u8GetResult
 .text.__vector_16
                0x00000e94       0x52 MCAL/ADC/ADC_program.o
                0x00000e94                __vector_16
 .text.DIO_SetPinDirection
                0x00000ee6      0x114 MCAL/DIO/DIO_program.o
                0x00000ee6                DIO_SetPinDirection
 .text.DIO_SetPinValue
                0x00000ffa      0x114 MCAL/DIO/DIO_program.o
                0x00000ffa                DIO_SetPinValue
 .text.DIO_GetPinValue
                0x0000110e       0x5c MCAL/DIO/DIO_program.o
                0x0000110e                DIO_GetPinValue
 .text.I2C_masterInit
                0x0000116a        0x8 MCAL/I2C/I2C_program.o
                0x0000116a                I2C_masterInit
 .text.I2C_masterStart
                0x00001172       0x16 MCAL/I2C/I2C_program.o
                0x00001172                I2C_masterStart
 .text.I2C_repeatedStart
                0x00001188       0x14 MCAL/I2C/I2C_program.o
                0x00001188                I2C_repeatedStart
 .text.I2C_masterWriteToAddress
                0x0000119c       0x2a MCAL/I2C/I2C_program.o
                0x0000119c                I2C_masterWriteToAddress
 .text.I2C_masterReadFromAddress
                0x000011c6       0x32 MCAL/I2C/I2C_program.o
                0x000011c6                I2C_masterReadFromAddress
 .text.I2C_masterWriteData
                0x000011f8       0x16 MCAL/I2C/I2C_program.o
                0x000011f8                I2C_masterWriteData
 .text.I2C_masterReadData
                0x0000120e       0x16 MCAL/I2C/I2C_program.o
                0x0000120e                I2C_masterReadData
 .text.I2C_masterReadFinalData
                0x00001224       0x16 MCAL/I2C/I2C_program.o
                0x00001224                I2C_masterReadFinalData
 .text.I2C_masterStop
                0x0000123a        0xc MCAL/I2C/I2C_program.o
                0x0000123a                I2C_masterStop
 .text.SPI_init
                0x00001246       0x24 MCAL/SPI/SPI_program.o
                0x00001246                SPI_init
 .text.SPI_tranceiver
                0x0000126a        0xa MCAL/SPI/SPI_program.o
                0x0000126a                SPI_tranceiver
 .text.SPI_slaveReceiveString
                0x00001274       0x44 MCAL/SPI/SPI_program.o
                0x00001274                SPI_slaveReceiveString
 .text.__vector_11
                0x000012b8       0x4a MCAL/TIMERS/TIMERS_program.o
                0x000012b8                __vector_11
 .text.OVI0_init
                0x00001302        0xe MCAL/TIMERS/TIMERS_program.o
                0x00001302                OVI0_init
 .text.TIMER0_start
                0x00001310       0x64 MCAL/TIMERS/TIMERS_program.o
                0x00001310                TIMER0_start
 .text.TIMER0_stop
                0x00001374        0x4 MCAL/TIMERS/TIMERS_program.o
                0x00001374                TIMER0_stop
 .text.TIMER0_msdelay
                0x00001378       0xd4 MCAL/TIMERS/TIMERS_program.o
                0x00001378                TIMER0_msdelay
 .text.USART_voidInit
                0x0000144c       0xcc MCAL/USART/UART_program.o
                0x0000144c                USART_voidInit
 .text.USART_voidTransmit
                0x00001518        0x8 MCAL/USART/UART_program.o
                0x00001518                USART_voidTransmit
 .text.USART_u8Receive
                0x00001520        0x8 MCAL/USART/UART_program.o
                0x00001520                USART_u8Receive
 .text.USART_voidRecievePacket
                0x00001528       0x5e MCAL/USART/UART_program.o
                0x00001528                USART_voidRecievePacket
 .text.USART_voidSendString
                0x00001586       0x42 MCAL/USART/UART_program.o
                0x00001586                USART_voidSendString
 .text.__vector_13
                0x000015c8        0xc MCAL/USART/UART_program.o
                0x000015c8                __vector_13
 .text.__vector_15
                0x000015d4        0xc MCAL/USART/UART_program.o
                0x000015d4                __vector_15
 .text.TERMINAL_init
                0x000015e0        0xa SERVICE/ATM_program.o
                0x000015e0                TERMINAL_init
 .text.ATM_Init
                0x000015ea       0x24 SERVICE/ATM_program.o
                0x000015ea                ATM_Init
 .text.TERMINAL_display
                0x0000160e        0xa SERVICE/ATM_program.o
                0x0000160e                TERMINAL_display
 .text.TERMINAL_command
                0x00001618        0x8 SERVICE/ATM_program.o
                0x00001618                TERMINAL_command
 .text.ACCESS_grant
                0x00001620       0x66 SERVICE/ATM_program.o
                0x00001620                ACCESS_grant
 .text.TERMINAL_u8getInput
                0x00001686       0x5a SERVICE/ATM_program.o
                0x00001686                TERMINAL_u8getInput
 .text.ATM_u8getArrCount
                0x000016e0       0x16 SERVICE/ATM_program.o
                0x000016e0                ATM_u8getArrCount
 .text.ATM_voidstoreBalance
                0x000016f6       0x36 SERVICE/ATM_program.o
                0x000016f6                ATM_voidstoreBalance
 .text.ATM_voidlcdUserInterface
                0x0000172c       0x2c SERVICE/ATM_program.o
                0x0000172c                ATM_voidlcdUserInterface
 .text.ATM_u8PinAccessGrant
                0x00001758       0x9e SERVICE/ATM_program.o
                0x00001758                ATM_u8PinAccessGrant
 .text.ATM_u8checkBalanceValidity
                0x000017f6      0x146 SERVICE/ATM_program.o
                0x000017f6                ATM_u8checkBalanceValidity
 .text.ATM_voidShowTemp
                0x0000193c       0x6e SERVICE/ATM_program.o
                0x0000193c                ATM_voidShowTemp
 .text.ATM_voidGetCash
                0x000019aa       0x32 SERVICE/ATM_program.o
                0x000019aa                ATM_voidGetCash
 .text.ATM_u8checkAccounBal
                0x000019dc      0x10c SERVICE/ATM_program.o
                0x000019dc                ATM_u8checkAccounBal
 .text.ATM_voidStoreRecNum
                0x00001ae8       0x20 SERVICE/ATM_program.o
                0x00001ae8                ATM_voidStoreRecNum
 .text.ATM_u16GetRecNum
                0x00001b08       0x3c SERVICE/ATM_program.o
                0x00001b08                ATM_u16GetRecNum
 .text.ATM_panValidity
                0x00001b44       0x8a SERVICE/ATM_program.o
                0x00001b44                ATM_panValidity
 .text.avr-libc.fplib
                0x00001bce        0xe c:/program files (x86)/atmel/studio/7.0/toolchain/avr8/avr8-gnu-toolchain/bin/../lib/gcc/avr/5.4.0/../../../../avr/lib/avr5\libm.a(addsf3.o)
                0x00001bce                __subsf3
                0x00001bd0                __addsf3
 .text.avr-libc.fplib
                0x00001bdc       0xcc c:/program files (x86)/atmel/studio/7.0/toolchain/avr8/avr8-gnu-toolchain/bin/../lib/gcc/avr/5.4.0/../../../../avr/lib/avr5\libm.a(addsf3x.o)
                0x00001bfe                __addsf3x
 .text.avr-libc.fplib
                0x00001ca8        0x8 c:/program files (x86)/atmel/studio/7.0/toolchain/avr8/avr8-gnu-toolchain/bin/../lib/gcc/avr/5.4.0/../../../../avr/lib/avr5\libm.a(divsf3.o)
                0x00001ca8                __divsf3
 .text.avr-libc.fplib
                0x00001cb0       0xdc c:/program files (x86)/atmel/studio/7.0/toolchain/avr8/avr8-gnu-toolchain/bin/../lib/gcc/avr/5.4.0/../../../../avr/lib/avr5\libm.a(divsf3x.o)
                0x00001cd0                __divsf3x
                0x00001cd6                __divsf3_pse
 .text.avr-libc.fplib
                0x00001d8c       0x5e c:/program files (x86)/atmel/studio/7.0/toolchain/avr8/avr8-gnu-toolchain/bin/../lib/gcc/avr/5.4.0/../../../../avr/lib/avr5\libm.a(fixunssfsi.o)
                0x00001d8c                __fixunssfsi
 .text.avr-libc.fplib
                0x00001dea       0x7a c:/program files (x86)/atmel/studio/7.0/toolchain/avr8/avr8-gnu-toolchain/bin/../lib/gcc/avr/5.4.0/../../../../avr/lib/avr5\libm.a(floatsisf.o)
                0x00001dea                __floatunsisf
                0x00001dee                __floatsisf
 .text.avr-libc.fplib
                0x00001e64        0xc c:/program files (x86)/atmel/studio/7.0/toolchain/avr8/avr8-gnu-toolchain/bin/../lib/gcc/avr/5.4.0/../../../../avr/lib/avr5\libm.a(fp_inf.o)
                0x00001e64                __fp_inf
 .text.avr-libc.fplib
                0x00001e70        0x6 c:/program files (x86)/atmel/studio/7.0/toolchain/avr8/avr8-gnu-toolchain/bin/../lib/gcc/avr/5.4.0/../../../../avr/lib/avr5\libm.a(fp_nan.o)
                0x00001e70                __fp_nan
 .text.avr-libc.fplib
                0x00001e76        0xe c:/program files (x86)/atmel/studio/7.0/toolchain/avr8/avr8-gnu-toolchain/bin/../lib/gcc/avr/5.4.0/../../../../avr/lib/avr5\libm.a(fp_pscA.o)
                0x00001e76                __fp_pscA
 .text.avr-libc.fplib
                0x00001e84        0xe c:/program files (x86)/atmel/studio/7.0/toolchain/avr8/avr8-gnu-toolchain/bin/../lib/gcc/avr/5.4.0/../../../../avr/lib/avr5\libm.a(fp_pscB.o)
                0x00001e84                __fp_pscB
 .text.avr-libc.fplib
                0x00001e92       0x22 c:/program files (x86)/atmel/studio/7.0/toolchain/avr8/avr8-gnu-toolchain/bin/../lib/gcc/avr/5.4.0/../../../../avr/lib/avr5\libm.a(fp_round.o)
                0x00001e92                __fp_round
 .text.avr-libc.fplib
                0x00001eb4       0x44 c:/program files (x86)/atmel/studio/7.0/toolchain/avr8/avr8-gnu-toolchain/bin/../lib/gcc/avr/5.4.0/../../../../avr/lib/avr5\libm.a(fp_split3.o)
                0x00001eb4                __fp_split3
                0x00001ec4                __fp_splitA
 .text.avr-libc.fplib
                0x00001ef8        0xe c:/program files (x86)/atmel/studio/7.0/toolchain/avr8/avr8-gnu-toolchain/bin/../lib/gcc/avr/5.4.0/../../../../avr/lib/avr5\libm.a(fp_zero.o)
                0x00001ef8                __fp_zero
                0x00001efa                __fp_szero
 .text.avr-libc.fplib
                0x00001f06       0x10 c:/program files (x86)/atmel/studio/7.0/toolchain/avr8/avr8-gnu-toolchain/bin/../lib/gcc/avr/5.4.0/../../../../avr/lib/avr5\libm.a(log10.o)
                0x00001f06                log10
 .text.avr-libc.fplib
                0x00001f16       0xa0 c:/program files (x86)/atmel/studio/7.0/toolchain/avr8/avr8-gnu-toolchain/bin/../lib/gcc/avr/5.4.0/../../../../avr/lib/avr5\libm.a(log.o)
                0x00001f26                log
 .text.avr-libc.fplib
                0x00001fb6        0x8 c:/program files (x86)/atmel/studio/7.0/toolchain/avr8/avr8-gnu-toolchain/bin/../lib/gcc/avr/5.4.0/../../../../avr/lib/avr5\libm.a(mulsf3.o)
                0x00001fb6                __mulsf3
 .text.avr-libc.fplib
                0x00001fbe       0xd2 c:/program files (x86)/atmel/studio/7.0/toolchain/avr8/avr8-gnu-toolchain/bin/../lib/gcc/avr/5.4.0/../../../../avr/lib/avr5\libm.a(mulsf3x.o)
                0x00001fdc                __mulsf3x
                0x00001fe2                __mulsf3_pse
 .text.avr-libc.fplib
                0x00002090       0xa0 c:/program files (x86)/atmel/studio/7.0/toolchain/avr8/avr8-gnu-toolchain/bin/../lib/gcc/avr/5.4.0/../../../../avr/lib/avr5\libm.a(pow.o)
                0x00002090                pow
 .text.avr-libc.fplib
                0x00002130       0x74 c:/program files (x86)/atmel/studio/7.0/toolchain/avr8/avr8-gnu-toolchain/bin/../lib/gcc/avr/5.4.0/../../../../avr/lib/avr5\libm.a(exp.o)
                0x00002140                exp
 .text.avr-libc.fplib
                0x000021a4       0x1c c:/program files (x86)/atmel/studio/7.0/toolchain/avr8/avr8-gnu-toolchain/bin/../lib/gcc/avr/5.4.0/../../../../avr/lib/avr5\libm.a(fp_mpack.o)
                0x000021a4                __fp_mpack
                0x000021a8                __fp_mpack_finite
 .text.avr-libc.fplib
                0x000021c0       0x4e c:/program files (x86)/atmel/studio/7.0/toolchain/avr8/avr8-gnu-toolchain/bin/../lib/gcc/avr/5.4.0/../../../../avr/lib/avr5\libm.a(fp_powser.o)
                0x000021c0                __fp_powser
 .text.avr-libc.fplib
                0x0000220e       0x10 c:/program files (x86)/atmel/studio/7.0/toolchain/avr8/avr8-gnu-toolchain/bin/../lib/gcc/avr/5.4.0/../../../../avr/lib/avr5\libm.a(inverse.o)
                0x0000220e                inverse
 .text.avr-libc.fplib
                0x0000221e       0x74 c:/program files (x86)/atmel/studio/7.0/toolchain/avr8/avr8-gnu-toolchain/bin/../lib/gcc/avr/5.4.0/../../../../avr/lib/avr5\libm.a(ldexp.o)
                0x00002226                ldexp
 .text.avr-libc.fplib
                0x00002292       0x68 c:/program files (x86)/atmel/studio/7.0/toolchain/avr8/avr8-gnu-toolchain/bin/../lib/gcc/avr/5.4.0/../../../../avr/lib/avr5\libm.a(modf.o)
                0x00002292                modf
                0x00002292                modff
 .text.libgcc.div
                0x000022fa       0x44 c:/program files (x86)/atmel/studio/7.0/toolchain/avr8/avr8-gnu-toolchain/bin/../lib/gcc/avr/5.4.0/avr5\libgcc.a(_udivmodsi4.o)
                0x000022fa                __udivmodsi4
 .text.libgcc.mul
                0x0000233e       0x1e c:/program files (x86)/atmel/studio/7.0/toolchain/avr8/avr8-gnu-toolchain/bin/../lib/gcc/avr/5.4.0/avr5\libgcc.a(_umulhisi3.o)
                0x0000233e                __umulhisi3
 .text.libgcc.mul
                0x0000235c       0x16 c:/program files (x86)/atmel/studio/7.0/toolchain/avr8/avr8-gnu-toolchain/bin/../lib/gcc/avr/5.4.0/avr5\libgcc.a(_muluhisi3.o)
                0x0000235c                __muluhisi3
 .text.avr-libc
                0x00002372       0x12 c:/program files (x86)/atmel/studio/7.0/toolchain/avr8/avr8-gnu-toolchain/bin/../lib/gcc/avr/5.4.0/../../../../avr/lib/avr5\libc.a(strcmp.o)
                0x00002372                strcmp
                0x00002384                . = ALIGN (0x2)
 *(.fini9)
 .fini9         0x00002384        0x0 c:/program files (x86)/atmel/studio/7.0/toolchain/avr8/avr8-gnu-toolchain/bin/../lib/gcc/avr/5.4.0/avr5\libgcc.a(_exit.o)
                0x00002384                _exit
                0x00002384                exit
 *(.fini9)
 *(.fini8)
 *(.fini8)
 *(.fini7)
 *(.fini7)
 *(.fini6)
 *(.fini6)
 *(.fini5)
 *(.fini5)
 *(.fini4)
 *(.fini4)
 *(.fini3)
 *(.fini3)
 *(.fini2)
 *(.fini2)
 *(.fini1)
 *(.fini1)
 *(.fini0)
 .fini0         0x00002384        0x4 c:/program files (x86)/atmel/studio/7.0/toolchain/avr8/avr8-gnu-toolchain/bin/../lib/gcc/avr/5.4.0/avr5\libgcc.a(_exit.o)
 *(.fini0)
                0x00002388                _etext = .

.data           0x00800060      0x28c load address 0x00002388
                0x00800060                PROVIDE (__data_start, .)
 *(.data)
 *(.data*)
 .data.gstr_USART_Config
                0x00800060        0xb MCAL/USART/UART_program.o
                0x00800060                gstr_USART_Config
 *(.gnu.linkonce.d*)
 *(.rodata)
 *(.rodata*)
 .rodata.str1.1
                0x0080006b      0x1bc APP/ATM.o
 .rodata.g_keymap
                0x00800227       0x10 ECUAL/KEYPAD/KEYPAD_program.o
 .rodata.str1.1
                0x00800237       0xb5 SERVICE/ATM_program.o
                                 0xbf (size before relaxing)
 *(.gnu.linkonce.r*)
                0x008002ec                . = ALIGN (0x2)
                0x008002ec                _edata = .
                0x008002ec                PROVIDE (__data_end, .)

.bss            0x008002ec       0x10
                0x008002ec                PROVIDE (__bss_start, .)
 *(.bss)
 *(.bss*)
 .bss.su8_Temp4.1639
                0x008002ec        0x1 ECUAL/LM35/LM35_program.o
 .bss.su8_Temp1.1636
                0x008002ed        0x1 ECUAL/LM35/LM35_program.o
 .bss.su8_Temp2.1637
                0x008002ee        0x1 ECUAL/LM35/LM35_program.o
 .bss.su8_NewTemp3.1638
                0x008002ef        0x1 ECUAL/LM35/LM35_program.o
 .bss.ADCSetCallBackISR
                0x008002f0        0x2 MCAL/ADC/ADC_program.o
 .bss.counts    0x008002f2        0x4 MCAL/TIMERS/TIMERS_program.o
                0x008002f2                counts
 .bss.MYUBRR    0x008002f6        0x2 MCAL/USART/UART_program.o
                0x008002f6                MYUBRR
 .bss.ptr_To_RX_Int_fun
                0x008002f8        0x2 MCAL/USART/UART_program.o
                0x008002f8                ptr_To_RX_Int_fun
 .bss.ptr_To_TX_Int_fun
                0x008002fa        0x2 MCAL/USART/UART_program.o
                0x008002fa                ptr_To_TX_Int_fun
 *(COMMON)
                0x008002fc                PROVIDE (__bss_end, .)
                0x00002388                __data_load_start = LOADADDR (.data)
                0x00002614                __data_load_end = (__data_load_start + SIZEOF (.data))

.noinit         0x008002fc        0x0
                [!provide]                PROVIDE (__noinit_start, .)
 *(.noinit*)
                [!provide]                PROVIDE (__noinit_end, .)
                0x008002fc                _end = .
                [!provide]                PROVIDE (__heap_start, .)

.eeprom         0x00810000        0x0
 *(.eeprom*)
                0x00810000                __eeprom_end = .

.fuse
 *(.fuse)
 *(.lfuse)
 *(.hfuse)
 *(.efuse)

.lock
 *(.lock*)

.signature
 *(.signature*)

.user_signatures
 *(.user_signatures*)

.stab
 *(.stab)

.stabstr
 *(.stabstr)

.stab.excl
 *(.stab.excl)

.stab.exclstr
 *(.stab.exclstr)

.stab.index
 *(.stab.index)

.stab.indexstr
 *(.stab.indexstr)

.comment        0x00000000       0x30
 *(.comment)
 .comment       0x00000000       0x30 APP/ATM.o
                                 0x31 (size before relaxing)
 .comment       0x00000030       0x31 ECUAL/BUZZER/BUZZER_program.o
 .comment       0x00000030       0x31 ECUAL/EEPROM/EEPROM_program.o
 .comment       0x00000030       0x31 ECUAL/KEYPAD/KEYPAD_program.o
 .comment       0x00000030       0x31 ECUAL/LCD/LCD_program.o
 .comment       0x00000030       0x31 ECUAL/LM35/LM35_program.o
 .comment       0x00000030       0x31 ECUAL/MOTOR/MOTOR_program.o
 .comment       0x00000030       0x31 MCAL/ADC/ADC_program.o
 .comment       0x00000030       0x31 MCAL/DIO/DIO_program.o
 .comment       0x00000030       0x31 MCAL/I2C/I2C_program.o
 .comment       0x00000030       0x31 MCAL/SPI/SPI_program.o
 .comment       0x00000030       0x31 MCAL/TIMERS/TIMERS_program.o
 .comment       0x00000030       0x31 MCAL/USART/UART_program.o
 .comment       0x00000030       0x31 SERVICE/ATM_program.o

.note.gnu.avr.deviceinfo
                0x00000000       0x3c
 .note.gnu.avr.deviceinfo
                0x00000000       0x3c C:/Program Files (x86)/Atmel/Studio/7.0/Packs/atmel/ATmega_DFP/1.6.364/gcc/dev/atmega32a/avr5/crtatmega32a.o

.note.gnu.build-id
 *(.note.gnu.build-id)

.debug
 *(.debug)

.line
 *(.line)

.debug_srcinfo
 *(.debug_srcinfo)

.debug_sfnames
 *(.debug_sfnames)

.debug_aranges  0x00000000      0x488
 *(.debug_aranges)
 .debug_aranges
                0x00000000       0x20 APP/ATM.o
 .debug_aranges
                0x00000020       0x30 ECUAL/BUZZER/BUZZER_program.o
 .debug_aranges
                0x00000050       0x48 ECUAL/EEPROM/EEPROM_program.o
 .debug_aranges
                0x00000098       0x30 ECUAL/KEYPAD/KEYPAD_program.o
 .debug_aranges
                0x000000c8       0x50 ECUAL/LCD/LCD_program.o
 .debug_aranges
                0x00000118       0x28 ECUAL/LM35/LM35_program.o
 .debug_aranges
                0x00000140       0x48 ECUAL/MOTOR/MOTOR_program.o
 .debug_aranges
                0x00000188       0x70 MCAL/ADC/ADC_program.o
 .debug_aranges
                0x000001f8       0x58 MCAL/DIO/DIO_program.o
 .debug_aranges
                0x00000250       0x88 MCAL/I2C/I2C_program.o
 .debug_aranges
                0x000002d8       0x30 MCAL/SPI/SPI_program.o
 .debug_aranges
                0x00000308       0x68 MCAL/TIMERS/TIMERS_program.o
 .debug_aranges
                0x00000370       0x78 MCAL/USART/UART_program.o
 .debug_aranges
                0x000003e8       0xa0 SERVICE/ATM_program.o

.debug_pubnames
 *(.debug_pubnames)

.debug_info     0x00000000     0x4a6e
 *(.debug_info .gnu.linkonce.wi.*)
 .debug_info    0x00000000      0x4e6 C:/Program Files (x86)/Atmel/Studio/7.0/Packs/atmel/ATmega_DFP/1.6.364/gcc/dev/atmega32a/avr5/crtatmega32a.o
 .debug_info    0x000004e6      0xb1c APP/ATM.o
 .debug_info    0x00001002      0x12d ECUAL/BUZZER/BUZZER_program.o
 .debug_info    0x0000112f      0x562 ECUAL/EEPROM/EEPROM_program.o
 .debug_info    0x00001691      0x4b7 ECUAL/KEYPAD/KEYPAD_program.o
 .debug_info    0x00001b48      0x774 ECUAL/LCD/LCD_program.o
 .debug_info    0x000022bc      0x21e ECUAL/LM35/LM35_program.o
 .debug_info    0x000024da      0x4ba ECUAL/MOTOR/MOTOR_program.o
 .debug_info    0x00002994      0x23c MCAL/ADC/ADC_program.o
 .debug_info    0x00002bd0      0x2db MCAL/DIO/DIO_program.o
 .debug_info    0x00002eab      0x258 MCAL/I2C/I2C_program.o
 .debug_info    0x00003103      0x18c MCAL/SPI/SPI_program.o
 .debug_info    0x0000328f      0x212 MCAL/TIMERS/TIMERS_program.o
 .debug_info    0x000034a1      0x544 MCAL/USART/UART_program.o
 .debug_info    0x000039e5     0x1089 SERVICE/ATM_program.o

.debug_abbrev   0x00000000     0x1291
 *(.debug_abbrev)
 .debug_abbrev  0x00000000      0x4a3 C:/Program Files (x86)/Atmel/Studio/7.0/Packs/atmel/ATmega_DFP/1.6.364/gcc/dev/atmega32a/avr5/crtatmega32a.o
 .debug_abbrev  0x000004a3      0x114 APP/ATM.o
 .debug_abbrev  0x000005b7       0x64 ECUAL/BUZZER/BUZZER_program.o
 .debug_abbrev  0x0000061b       0xc1 ECUAL/EEPROM/EEPROM_program.o
 .debug_abbrev  0x000006dc       0xf8 ECUAL/KEYPAD/KEYPAD_program.o
 .debug_abbrev  0x000007d4      0x136 ECUAL/LCD/LCD_program.o
 .debug_abbrev  0x0000090a       0xdb ECUAL/LM35/LM35_program.o
 .debug_abbrev  0x000009e5       0xb6 ECUAL/MOTOR/MOTOR_program.o
 .debug_abbrev  0x00000a9b      0x132 MCAL/ADC/ADC_program.o
 .debug_abbrev  0x00000bcd       0xa0 MCAL/DIO/DIO_program.o
 .debug_abbrev  0x00000c6d       0xc5 MCAL/I2C/I2C_program.o
 .debug_abbrev  0x00000d32       0xf3 MCAL/SPI/SPI_program.o
 .debug_abbrev  0x00000e25       0xec MCAL/TIMERS/TIMERS_program.o
 .debug_abbrev  0x00000f11      0x153 MCAL/USART/UART_program.o
 .debug_abbrev  0x00001064      0x22d SERVICE/ATM_program.o

.debug_line     0x00000000     0x2c4f
 *(.debug_line .debug_line.* .debug_line_end)
 .debug_line    0x00000000      0x116 C:/Program Files (x86)/Atmel/Studio/7.0/Packs/atmel/ATmega_DFP/1.6.364/gcc/dev/atmega32a/avr5/crtatmega32a.o
 .debug_line    0x00000116      0x4f9 APP/ATM.o
 .debug_line    0x0000060f       0xb0 ECUAL/BUZZER/BUZZER_program.o
 .debug_line    0x000006bf      0x31c ECUAL/EEPROM/EEPROM_program.o
 .debug_line    0x000009db      0x221 ECUAL/KEYPAD/KEYPAD_program.o
 .debug_line    0x00000bfc      0x3a2 ECUAL/LCD/LCD_program.o
 .debug_line    0x00000f9e      0x177 ECUAL/LM35/LM35_program.o
 .debug_line    0x00001115      0x253 ECUAL/MOTOR/MOTOR_program.o
 .debug_line    0x00001368      0x2f7 MCAL/ADC/ADC_program.o
 .debug_line    0x0000165f      0x3ed MCAL/DIO/DIO_program.o
 .debug_line    0x00001a4c      0x30b MCAL/I2C/I2C_program.o
 .debug_line    0x00001d57      0x14b MCAL/SPI/SPI_program.o
 .debug_line    0x00001ea2      0x230 MCAL/TIMERS/TIMERS_program.o
 .debug_line    0x000020d2      0x304 MCAL/USART/UART_program.o
 .debug_line    0x000023d6      0x879 SERVICE/ATM_program.o

.debug_frame    0x00000000      0xad8
 *(.debug_frame)
 .debug_frame   0x00000000       0x34 APP/ATM.o
 .debug_frame   0x00000034       0x44 ECUAL/BUZZER/BUZZER_program.o
 .debug_frame   0x00000078       0xf4 ECUAL/EEPROM/EEPROM_program.o
 .debug_frame   0x0000016c       0x5c ECUAL/KEYPAD/KEYPAD_program.o
 .debug_frame   0x000001c8       0xd8 ECUAL/LCD/LCD_program.o
 .debug_frame   0x000002a0       0x50 ECUAL/LM35/LM35_program.o
 .debug_frame   0x000002f0       0x7c ECUAL/MOTOR/MOTOR_program.o
 .debug_frame   0x0000036c      0x10c MCAL/ADC/ADC_program.o
 .debug_frame   0x00000478       0x94 MCAL/DIO/DIO_program.o
 .debug_frame   0x0000050c      0x104 MCAL/I2C/I2C_program.o
 .debug_frame   0x00000610       0x64 MCAL/SPI/SPI_program.o
 .debug_frame   0x00000674       0xf8 MCAL/TIMERS/TIMERS_program.o
 .debug_frame   0x0000076c      0x148 MCAL/USART/UART_program.o
 .debug_frame   0x000008b4      0x224 SERVICE/ATM_program.o

.debug_str      0x00000000     0x15e2
 *(.debug_str)
 .debug_str     0x00000000      0x196 C:/Program Files (x86)/Atmel/Studio/7.0/Packs/atmel/ATmega_DFP/1.6.364/gcc/dev/atmega32a/avr5/crtatmega32a.o
 .debug_str     0x00000196      0x4f6 APP/ATM.o
                                0x531 (size before relaxing)
 .debug_str     0x0000068c       0x64 ECUAL/BUZZER/BUZZER_program.o
                                0x1ce (size before relaxing)
 .debug_str     0x000006f0      0x1db ECUAL/EEPROM/EEPROM_program.o
                                0x374 (size before relaxing)
 .debug_str     0x000008cb       0xd3 ECUAL/KEYPAD/KEYPAD_program.o
                                0x280 (size before relaxing)
 .debug_str     0x0000099e       0xce ECUAL/LCD/LCD_program.o
                                0x2ab (size before relaxing)
 .debug_str     0x00000a6c       0xea ECUAL/LM35/LM35_program.o
                                0x292 (size before relaxing)
 .debug_str     0x00000b56       0xc9 ECUAL/MOTOR/MOTOR_program.o
                                0x267 (size before relaxing)
 .debug_str     0x00000c1f       0xdb MCAL/ADC/ADC_program.o
                                0x2aa (size before relaxing)
 .debug_str     0x00000cfa       0xb9 MCAL/DIO/DIO_program.o
                                0x278 (size before relaxing)
 .debug_str     0x00000db3       0x86 MCAL/I2C/I2C_program.o
                                0x2b2 (size before relaxing)
 .debug_str     0x00000e39       0x5e MCAL/SPI/SPI_program.o
                                0x234 (size before relaxing)
 .debug_str     0x00000e97       0xb3 MCAL/TIMERS/TIMERS_program.o
                                0x246 (size before relaxing)
 .debug_str     0x00000f4a      0x459 MCAL/USART/UART_program.o
                                0x67b (size before relaxing)
 .debug_str     0x000013a3      0x23f SERVICE/ATM_program.o
                                0xa2d (size before relaxing)

.debug_loc      0x00000000     0x343d
 *(.debug_loc)
 .debug_loc     0x00000000      0x436 APP/ATM.o
 .debug_loc     0x00000436      0x9c4 ECUAL/EEPROM/EEPROM_program.o
 .debug_loc     0x00000dfa      0x14e ECUAL/KEYPAD/KEYPAD_program.o
 .debug_loc     0x00000f48      0x287 ECUAL/LCD/LCD_program.o
 .debug_loc     0x000011cf       0xfa ECUAL/LM35/LM35_program.o
 .debug_loc     0x000012c9      0x3f7 ECUAL/MOTOR/MOTOR_program.o
 .debug_loc     0x000016c0      0x2a2 MCAL/ADC/ADC_program.o
 .debug_loc     0x00001962      0x6f0 MCAL/DIO/DIO_program.o
 .debug_loc     0x00002052      0x117 MCAL/I2C/I2C_program.o
 .debug_loc     0x00002169      0x103 MCAL/SPI/SPI_program.o
 .debug_loc     0x0000226c      0x2c9 MCAL/TIMERS/TIMERS_program.o
 .debug_loc     0x00002535      0x388 MCAL/USART/UART_program.o
 .debug_loc     0x000028bd      0xb80 SERVICE/ATM_program.o

.debug_macinfo
 *(.debug_macinfo)

.debug_weaknames
 *(.debug_weaknames)

.debug_funcnames
 *(.debug_funcnames)

.debug_typenames
 *(.debug_typenames)

.debug_varnames
 *(.debug_varnames)

.debug_pubtypes
 *(.debug_pubtypes)

.debug_ranges   0x00000000      0x3a8
 *(.debug_ranges)
 .debug_ranges  0x00000000       0x10 APP/ATM.o
 .debug_ranges  0x00000010       0x20 ECUAL/BUZZER/BUZZER_program.o
 .debug_ranges  0x00000030       0x38 ECUAL/EEPROM/EEPROM_program.o
 .debug_ranges  0x00000068       0x20 ECUAL/KEYPAD/KEYPAD_program.o
 .debug_ranges  0x00000088       0x40 ECUAL/LCD/LCD_program.o
 .debug_ranges  0x000000c8       0x18 ECUAL/LM35/LM35_program.o
 .debug_ranges  0x000000e0       0x38 ECUAL/MOTOR/MOTOR_program.o
 .debug_ranges  0x00000118       0x60 MCAL/ADC/ADC_program.o
 .debug_ranges  0x00000178       0x48 MCAL/DIO/DIO_program.o
 .debug_ranges  0x000001c0       0x78 MCAL/I2C/I2C_program.o
 .debug_ranges  0x00000238       0x20 MCAL/SPI/SPI_program.o
 .debug_ranges  0x00000258       0x58 MCAL/TIMERS/TIMERS_program.o
 .debug_ranges  0x000002b0       0x68 MCAL/USART/UART_program.o
 .debug_ranges  0x00000318       0x90 SERVICE/ATM_program.o

.debug_macro
 *(.debug_macro)
OUTPUT(ATM.elf elf32-avr)
LOAD linker stubs
